<html>
<body>
<pre>
<h1>µVision Build Log</h1>
<h2>Tool Versions:</h2>
IDE-Version: ¦ÌVision V5.40.0.0
Copyright (C) 2024 ARM Ltd and ARM Germany GmbH. All rights reserved.
License Information: 1 1
1
User-based license: Keil MDK Community (non-commercial free of charge)
Valid until: Jun 1 2033. Cached until: May 21 2025
 
Tool Versions:
Toolchain:       Keil MDK Community (non-commercial free of charge  Version: 5.40.0.3
Toolchain Path:  C:\Users\87407\AppData\Local\Keil_v5\ARM\ARMCLANG\Bin
C Compiler:      ArmClang.exe V6.22
Assembler:       Armasm.exe V6.22
Linker/Locator:  ArmLink.exe V6.22
Library Manager: ArmAr.exe V6.22
Hex Converter:   FromElf.exe V6.22
CPU DLL:         SARMCM3.DLL V5.40.0.3
Dialog DLL:      DCM.DLL V1.17.5.0
Target DLL:      CMSIS_AGDI.dll V1.33.18.0
Dialog DLL:      TCM.DLL V1.56.4.0
 
<h2>Project:</h2>
C:\Users\87407\Keil_prj\DPO_AIO\MDK-ARM\DPO_AIO.uvprojx
Project File Date:  05/14/2025

<h2>Output:</h2>
*** Using Compiler 'V6.22', folder: 'C:\Users\87407\AppData\Local\Keil_v5\ARM\ARMCLANG\Bin'
Rebuild target 'DPO_AIO'
Note: source file '../Core/Src/system_stm32g4xx.c' - object file renamed from 'DPO_AIO\system_stm32g4xx.o' to 'DPO_AIO\system_stm32g4xx_1.o'.
compiling fonts.c...
compiling usb_device.c...
compiling ws2812.c...
compiling TLC5952.c...
compiling aht20.c...
compiling stm32g4xx_it.c...
assembling startup_stm32g474xx.s...
compiling Views.c...
compiling usbd_desc.c...
compiling mpu6050.c...
compiling MyLib.c...
compiling ft6336.c...
compiling usbd_conf.c...
compiling stm32g4xx_hal_msp.c...
compiling usbd_cdc_if.c...
../Core/Src/main.c(1475): warning: passing 'volatile uint8_t *' (aka 'volatile unsigned char *') to parameter of type 'uint8_t *' (aka 'unsigned char *') discards qualifiers [-Wincompatible-pointer-types-discards-qualifiers]
 1475 |   HAL_I2C_Master_Receive(&hi2c3, 0x49, &KEY_PRESSED,1, 1000);
      |                                        ^~~~~~~~~~~~
../Drivers/STM32G4xx_HAL_Driver/Inc\stm32g4xx_hal_i2c.h(626): note: passing argument to parameter 'pData' here
  626 | HAL_StatusTypeDef HAL_I2C_Master_Receive(I2C_HandleTypeDef *hi2c, uint16_t DevAddress, uint8_t *pData,
      |                                                                                                 ^
../Core/Src/main.c(1596): warning: passing 'volatile uint8_t *' (aka 'volatile unsigned char *') to parameter of type 'uint8_t *' (aka 'unsigned char *') discards qualifiers [-Wincompatible-pointer-types-discards-qualifiers]
 1596 |   HAL_I2C_Master_Transmit(&hi2c3, 0x48, &KEY_PRESSED,1, 1000);
      |                                         ^~~~~~~~~~~~
../Drivers/STM32G4xx_HAL_Driver/Inc\stm32g4xx_hal_i2c.h(624): note: passing argument to parameter 'pData' here
  624 | HAL_StatusTypeDef HAL_I2C_Master_Transmit(I2C_HandleTypeDef *hi2c, uint16_t DevAddress, uint8_t *pData,
      |                                                                                                  ^
2 warnings generated.
compiling main.c...
compiling st7789.c...
compiling stm32g4xx_hal_pcd_ex.c...
compiling stm32g4xx_hal.c...
compiling stm32g4xx_hal_pcd.c...
compiling stm32g4xx_ll_usb.c...
compiling stm32g4xx_hal_rcc.c...
compiling stm32g4xx_hal_flash.c...
compiling stm32g4xx_hal_rcc_ex.c...
compiling stm32g4xx_hal_flash_ex.c...
compiling stm32g4xx_hal_flash_ramfunc.c...
compiling stm32g4xx_hal_gpio.c...
compiling stm32g4xx_hal_exti.c...
compiling stm32g4xx_hal_dma.c...
compiling stm32g4xx_hal_dma_ex.c...
compiling stm32g4xx_hal_pwr.c...
compiling stm32g4xx_hal_cortex.c...
compiling stm32g4xx_hal_pwr_ex.c...
compiling stm32g4xx_ll_adc.c...
compiling stm32g4xx_hal_adc_ex.c...
compiling stm32g4xx_hal_adc.c...
compiling stm32g4xx_hal_comp.c...
compiling stm32g4xx_hal_cordic.c...
compiling stm32g4xx_hal_dac.c...
compiling stm32g4xx_hal_dac_ex.c...
compiling stm32g4xx_hal_i2c_ex.c...
compiling stm32g4xx_hal_opamp.c...
compiling stm32g4xx_hal_opamp_ex.c...
compiling stm32g4xx_hal_i2c.c...
compiling stm32g4xx_hal_spi_ex.c...
compiling stm32g4xx_hal_spi.c...
compiling stm32g4xx_hal_tim_ex.c...
compiling system_stm32g4xx.c...
compiling stm32g4xx_hal_uart_ex.c...
compiling usbd_core.c...
compiling stm32g4xx_hal_tim.c...
compiling stm32g4xx_hal_uart.c...
compiling usbd_ctlreq.c...
compiling usbd_ioreq.c...
compiling usbd_cdc.c...
compiling BasicMathFunctionsF16.c...
compiling BayesFunctions.c...
compiling BayesFunctionsF16.c...
compiling BasicMathFunctions.c...
compiling CommonTablesF16.c...
compiling ComplexMathFunctionsF16.c...
compiling ComplexMathFunctions.c...
compiling ControllerFunctions.c...
compiling DistanceFunctionsF16.c...
compiling CommonTables.c...
compiling FastMathFunctionsF16.c...
compiling DistanceFunctions.c...
compiling FastMathFunctions.c...
compiling FilteringFunctionsF16.c...
compiling InterpolationFunctions.c...
compiling InterpolationFunctionsF16.c...
compiling QuaternionMathFunctions.c...
compiling SVMFunctions.c...
compiling SVMFunctionsF16.c...
compiling MatrixFunctionsF16.c...
compiling StatisticsFunctionsF16.c...
compiling SupportFunctionsF16.c...
compiling StatisticsFunctions.c...
compiling SupportFunctions.c...
compiling TransformFunctionsF16.c...
compiling WindowFunctions.c...
compiling MatrixFunctions.c...
compiling TransformFunctions.c...
compiling FilteringFunctions.c...
linking...
Program Size: Code=56488 RO-data=61592 RW-data=588 ZI-data=24124  
FromELF: creating hex file...
"DPO_AIO\DPO_AIO.axf" - 0 Error(s), 2 Warning(s).

<h2>Software Packages used:</h2>

Package Vendor: ARM
                https://www.keil.com/pack/ARM.CMSIS.6.1.0.pack
                ARM::CMSIS@6.1.0
                CMSIS (Common Microcontroller Software Interface Standard)
   * Component: CORE Version: 6.1.0

Package Vendor: ARM
                https://www.keil.com/pack/ARM.CMSIS-DSP.1.16.2.pack
                ARM::CMSIS-DSP@1.16.2
                CMSIS Embedded Compute Library
   * Component: DSP Variant: Source Version: 1.16.2

Package Vendor: Keil
                https://www.keil.com/pack/Keil.STM32G4xx_DFP.1.6.0.pack
                Keil::STM32G4xx_DFP@1.6.0
                STMicroelectronics STM32G4 Series Device Support, Drivers and Examples

<h2>Collection of Component include folders:</h2>
  ./RTE/_DPO_AIO
  C:/Users/87407/AppData/Local/Arm/Packs/ARM/CMSIS-DSP/1.16.2/Include
  C:/Users/87407/AppData/Local/Arm/Packs/ARM/CMSIS-DSP/1.16.2/PrivateInclude
  C:/Users/87407/AppData/Local/Arm/Packs/ARM/CMSIS/6.1.0/CMSIS/Core/Include
  C:/Users/87407/AppData/Local/Arm/Packs/Keil/STM32G4xx_DFP/1.6.0/Drivers/CMSIS/Device/ST/STM32G4xx/Include

<h2>Collection of Component Files used:</h2>

   * Component: ARM::CMSIS:CORE@6.1.0
      Include file:  CMSIS/Core/Include/tz_context.h

   * Component: ARM::CMSIS:DSP&Source@1.16.2
      Source file:   Source/BasicMathFunctions/BasicMathFunctions.c
      Include file:  Include/arm_const_structs.h
      Include file:  Include/arm_common_tables.h
      Include file:  Include/arm_common_tables_f16.h
      Include file:  Include/arm_math.h
      Include file:  Include/arm_math_f16.h
      Include file:  Include/arm_const_structs_f16.h
      Source file:   Source/FastMathFunctions/FastMathFunctionsF16.c
      Source file:   Source/FilteringFunctions/FilteringFunctions.c
      Source file:   Source/BasicMathFunctions/BasicMathFunctionsF16.c
      Source file:   Source/DistanceFunctions/DistanceFunctionsF16.c
      Source file:   Source/ControllerFunctions/ControllerFunctions.c
      Source file:   Source/ComplexMathFunctions/ComplexMathFunctionsF16.c
      Source file:   Source/SupportFunctions/SupportFunctions.c
      Source file:   Source/CommonTables/CommonTablesF16.c
      Source file:   Source/SupportFunctions/SupportFunctionsF16.c
      Source file:   Source/BayesFunctions/BayesFunctions.c
      Source file:   Source/StatisticsFunctions/StatisticsFunctions.c
      Source file:   Source/QuaternionMathFunctions/QuaternionMathFunctions.c
      Source file:   Source/MatrixFunctions/MatrixFunctions.c
      Source file:   Source/SVMFunctions/SVMFunctions.c
      Source file:   Source/ComplexMathFunctions/ComplexMathFunctions.c
      Source file:   Source/WindowFunctions/WindowFunctions.c
      Source file:   Source/FastMathFunctions/FastMathFunctions.c
      Source file:   Source/StatisticsFunctions/StatisticsFunctionsF16.c
      Source file:   Source/SVMFunctions/SVMFunctionsF16.c
      Source file:   Source/TransformFunctions/TransformFunctions.c
      Source file:   Source/BayesFunctions/BayesFunctionsF16.c
      Source file:   Source/DistanceFunctions/DistanceFunctions.c
      Source file:   Source/MatrixFunctions/MatrixFunctionsF16.c
      Source file:   Source/InterpolationFunctions/InterpolationFunctions.c
      Source file:   Source/CommonTables/CommonTables.c
      Source file:   Source/FilteringFunctions/FilteringFunctionsF16.c
      Source file:   Source/TransformFunctions/TransformFunctionsF16.c
      Source file:   Source/InterpolationFunctions/InterpolationFunctionsF16.c
Build Time Elapsed:  00:00:35
</pre>
</body>
</html>
